Actual VST3 comparison: 1.2.37 -> 1.2.38; rate=48000; editor closed; audible signal; transport playing
config,block,eco,old_us,new_us,reduction_percent,max_audio_delta,latency
Normal0-1,256,0,425.11797,385.46094,9.3284768,0,0
Normal0-1,256,1,137.04062,89.379688,34.778692,0,0
Normal0-1,2048,0,2931.1234,2596.1391,11.428532,0,0
Normal0-1,2048,1,729.21719,396.96563,45.562772,0,0
Normal0-4,256,0,895.99688,753.70234,15.881141,0,61
Normal0-4,256,1,634.84453,475.575,25.087958,0,61
Normal0-4,2048,0,6999.1938,5788.6438,17.295564,0,61
Normal0-4,2048,1,4969.9477,3630.6852,26.947215,0,61
Normal0-8,256,0,1525.8867,1195.6234,21.644024,0,65
Normal0-8,256,1,1159.4891,848.28437,26.839812,0,65
Normal0-8,2048,0,11053.88,8657.3273,21.680644,0,65
Normal0-8,2048,1,8697.8062,6117.218,29.669416,0,65
Normal0-16,256,0,2341.5859,1738.5781,25.752111,0,67
Normal0-16,256,1,2053.6688,1433.2453,30.210492,0,67
Normal0-16,2048,0,18814.143,13856.056,26.352977,0,67
Normal0-16,2048,1,15885.655,10829.309,31.829631,0,67
Normal26,256,0,424.36563,393.57969,7.2545785,0,1248
Normal26,256,1,135.87266,129.79844,4.4705233,0,1248
Normal26,2048,0,2987.6648,2926.1117,2.060242,0,1248
Normal26,2048,1,805.08047,749.10859,6.952333,0,1248
Limiter26-16,256,0,1240.7633,1214.9695,2.0788615,0,1643
Limiter26-16,256,1,960.25156,934.44688,2.6872841,0,1643
Limiter26-16,2048,0,9313.6234,9208.3203,1.1306354,0,1643
Limiter26-16,2048,1,6967.4617,6837.0727,1.8713998,0,1643
Limiter0-16shared,256,0,2920.0328,2330.7711,20.179969,0,395
Limiter0-16shared,256,1,2818.6023,2173.2914,22.894714,0,395
Limiter0-16shared,2048,0,22318.325,17414.295,21.973108,0,395
Limiter0-16shared,2048,1,19695.538,14583.596,25.954823,0,395
Limiter0-16ceil4,256,0,2714.9875,2112.8797,22.177185,0,456
Limiter0-16ceil4,256,1,2385.6391,1797.8773,24.637496,0,456
Limiter0-16ceil4,2048,0,21232.66,16393.002,22.793463,0,456
Limiter0-16ceil4,2048,1,18717.755,13601.655,27.332875,0,456
PASS actual old/new VST3 output/PDC; max_delta=0. Plugin CPU timings are not Cubase ASIO-Guard percentages.
