PROFILE config,eco,silent,sleep_allowed,us_per_block,one_core_percent
Normal26,0,1,0,280.735,5.26378
Normal26,0,1,1,183.76,3.4455
Normal26,0,0,0,301.929,5.66117
Normal26,0,0,1,253.141,4.7464
Normal26,1,1,0,168.563,3.16055
Normal26,1,1,1,87.2811,1.63652
Normal26,1,0,0,153.771,2.8832
Normal26,1,0,1,162.839,3.05324
Normal0-16,0,1,0,2314.18,43.3909
Normal0-16,0,1,1,119.893,2.248
Normal0-16,0,0,0,3022.3,56.6682
Normal0-16,0,0,1,2512.3,47.1057
Normal0-16,1,1,0,2967.53,55.6412
Normal0-16,1,1,1,109.568,2.05441
Normal0-16,1,0,0,3256.84,61.0658
Normal0-16,1,0,1,2992.63,56.1118
Limiter26-8,0,1,0,742.871,13.9288
Limiter26-8,0,1,1,151.169,2.83443
Limiter26-8,0,0,0,792.154,14.8529
Limiter26-8,0,0,1,809.174,15.172
Limiter26-8,1,1,0,765.586,14.3547
Limiter26-8,1,1,1,116.783,2.18968
Limiter26-8,1,0,0,1121.97,21.0369
Limiter26-8,1,0,1,828.586,15.536
Limiter0-16shared,0,1,0,3069.64,57.5557
Limiter0-16shared,0,1,1,164.007,3.07512
Limiter0-16shared,0,0,0,3205.72,60.1072
Limiter0-16shared,0,0,1,3762.87,70.5539
Limiter0-16shared,1,1,0,2860.92,53.6422
Limiter0-16shared,1,1,1,122.325,2.2936
Limiter0-16shared,1,0,0,3407.7,63.8944
Limiter0-16shared,1,0,1,3377.03,63.3194
Limiter0-8core16ceiling,0,1,0,2786.11,52.2396
Limiter0-8core16ceiling,0,1,1,147.81,2.77143
Limiter0-8core16ceiling,0,0,0,2201.64,41.2808
Limiter0-8core16ceiling,0,0,1,2137.06,40.0699
Limiter0-8core16ceiling,1,1,0,2516.24,47.1796
Limiter0-8core16ceiling,1,1,1,132.403,2.48255
Limiter0-8core16ceiling,1,0,0,3012.82,56.4903
Limiter0-8core16ceiling,1,0,1,3116.89,58.4418
