44100 os=4 shape=0 tp=0 SP=-1 TP16=0.583341 latency=367
44100 os=4 shape=1 tp=0 SP=-1 TP16=0.69974 latency=367
44100 os=4 shape=2 tp=0 SP=-1 TP16=1.22948 latency=367
44100 os=4 shape=3 tp=0 SP=-1 TP16=1.71249 latency=367
44100 os=4 shape=4 tp=0 SP=-1 TP16=2.23025 latency=367
44100 os=4 shape=5 tp=0 SP=-1 TP16=4.65346 latency=367
44100 os=4 shape=6 tp=0 SP=-1 TP16=0.743265 latency=367
44100 os=4 shape=7 tp=0 SP=-1 TP16=3.62784 latency=367
44100 os=4 shape=8 tp=0 SP=-1 TP16=1.28781 latency=367
44100 os=4 shape=9 tp=0 SP=-1 TP16=1.08623 latency=367
44100 os=4 shape=10 tp=0 SP=-1 TP16=2.57082 latency=367
44100 os=4 shape=11 tp=0 SP=-1 TP16=0.804683 latency=367
44100 os=4 shape=0 tp=1 SP=-1.33145 TP16=-1.00999 latency=367
44100 os=4 shape=1 tp=1 SP=-1.30223 TP16=-1.01 latency=367
44100 os=4 shape=2 tp=1 SP=-1.48511 TP16=-1.00351 latency=367
44100 os=4 shape=3 tp=1 SP=-1.19994 TP16=-1.00975 latency=367
44100 os=4 shape=4 tp=1 SP=-1.43154 TP16=-1.33314 latency=367
44100 os=4 shape=5 tp=1 SP=-3.30873 TP16=-1.44233 latency=367
44100 os=4 shape=6 tp=1 SP=-1.35752 TP16=-1.00947 latency=367
44100 os=4 shape=7 tp=1 SP=-1.02441 TP16=-1.00999 latency=367
44100 os=4 shape=8 tp=1 SP=-1.00767 TP16=-1.00047 latency=367
44100 os=4 shape=9 tp=1 SP=-1.13912 TP16=-1.13912 latency=367
44100 os=4 shape=10 tp=1 SP=-1.00509 TP16=-1.00509 latency=367
44100 os=4 shape=11 tp=1 SP=-1.21587 TP16=-1.00975 latency=367
48000 os=4 shape=0 tp=0 SP=-1 TP16=0.583395 latency=389
48000 os=4 shape=1 tp=0 SP=-1 TP16=0.598575 latency=389
48000 os=4 shape=2 tp=0 SP=-1 TP16=0.87935 latency=389
48000 os=4 shape=3 tp=0 SP=-1 TP16=1.71249 latency=389
48000 os=4 shape=4 tp=0 SP=-1 TP16=2.23024 latency=389
48000 os=4 shape=5 tp=0 SP=-1 TP16=4.65346 latency=389
48000 os=4 shape=6 tp=0 SP=-1 TP16=0.740651 latency=389
48000 os=4 shape=7 tp=0 SP=-1 TP16=3.62784 latency=389
48000 os=4 shape=8 tp=0 SP=-1 TP16=0.996331 latency=389
48000 os=4 shape=9 tp=0 SP=-1 TP16=0.696142 latency=389
48000 os=4 shape=10 tp=0 SP=-1 TP16=2.49446 latency=389
48000 os=4 shape=11 tp=0 SP=-1 TP16=0.804683 latency=389
48000 os=4 shape=0 tp=1 SP=-1.33148 TP16=-1.00998 latency=389
48000 os=4 shape=1 tp=1 SP=-1.29257 TP16=-1.00979 latency=389
48000 os=4 shape=2 tp=1 SP=-1.59966 TP16=-1.00199 latency=389
48000 os=4 shape=3 tp=1 SP=-1.06465 TP16=-1.00978 latency=389
48000 os=4 shape=4 tp=1 SP=-1.43157 TP16=-1.3317 latency=389
48000 os=4 shape=5 tp=1 SP=-3.30873 TP16=-1.44574 latency=389
48000 os=4 shape=6 tp=1 SP=-1.35892 TP16=-1.00948 latency=389
48000 os=4 shape=7 tp=1 SP=-1.02441 TP16=-1.00993 latency=389
48000 os=4 shape=8 tp=1 SP=-1.02437 TP16=-1.00994 latency=389
48000 os=4 shape=9 tp=1 SP=-1.13998 TP16=-1.13998 latency=389
48000 os=4 shape=10 tp=1 SP=-1.00437 TP16=-1.00169 latency=389
48000 os=4 shape=11 tp=1 SP=-1.21587 TP16=-1.00977 latency=389
96000 os=4 shape=0 tp=0 SP=-1 TP16=0.583702 latency=677
96000 os=4 shape=1 tp=0 SP=-1 TP16=0.576991 latency=677
96000 os=4 shape=2 tp=0 SP=-1 TP16=0.85642 latency=677
96000 os=4 shape=3 tp=0 SP=-1 TP16=1.77385 latency=677
96000 os=4 shape=4 tp=0 SP=-1 TP16=2.23024 latency=677
96000 os=4 shape=5 tp=0 SP=-1 TP16=4.65346 latency=677
96000 os=4 shape=6 tp=0 SP=-1 TP16=0.746863 latency=677
96000 os=4 shape=7 tp=0 SP=-1 TP16=3.75462 latency=677
96000 os=4 shape=8 tp=0 SP=-1 TP16=0.753599 latency=677
96000 os=4 shape=9 tp=0 SP=-1 TP16=1.15278 latency=677
96000 os=4 shape=10 tp=0 SP=-1 TP16=2.10529 latency=677
96000 os=4 shape=11 tp=0 SP=-1 TP16=0.804683 latency=677
96000 os=4 shape=0 tp=1 SP=-1.33151 TP16=-1.01 latency=677
96000 os=4 shape=1 tp=1 SP=-1.3259 TP16=-1.00998 latency=677
96000 os=4 shape=2 tp=1 SP=-1.60205 TP16=-1.00199 latency=677
96000 os=4 shape=3 tp=1 SP=-1.21289 TP16=-1.00984 latency=677
96000 os=4 shape=4 tp=1 SP=-1.43161 TP16=-1.33604 latency=677
96000 os=4 shape=5 tp=1 SP=-3.30873 TP16=-1.46643 latency=677
96000 os=4 shape=6 tp=1 SP=-1.35915 TP16=-1.00974 latency=677
96000 os=4 shape=7 tp=1 SP=-1.27664 TP16=-1.00992 latency=677
96000 os=4 shape=8 tp=1 SP=-1.03028 TP16=-1.00992 latency=677
96000 os=4 shape=9 tp=1 SP=-1.14066 TP16=-1.14066 latency=677
96000 os=4 shape=10 tp=1 SP=-1.00051 TP16=-1.00051 latency=677
96000 os=4 shape=11 tp=1 SP=-1.2159 TP16=-1.00988 latency=677
44100 os=8 shape=0 tp=0 SP=-1 TP16=0.395995 latency=371
44100 os=8 shape=1 tp=0 SP=-1 TP16=0.882466 latency=371
44100 os=8 shape=2 tp=0 SP=-1 TP16=1.74294 latency=371
44100 os=8 shape=3 tp=0 SP=-1 TP16=1.96022 latency=371
44100 os=8 shape=4 tp=0 SP=-1 TP16=3.17107 latency=371
44100 os=8 shape=5 tp=0 SP=-1 TP16=1.21576 latency=371
44100 os=8 shape=6 tp=0 SP=-1 TP16=1.46492 latency=371
44100 os=8 shape=7 tp=0 SP=-1 TP16=3.35258 latency=371
44100 os=8 shape=8 tp=0 SP=-1 TP16=1.42683 latency=371
44100 os=8 shape=9 tp=0 SP=-1 TP16=2.42818 latency=371
44100 os=8 shape=10 tp=0 SP=-1 TP16=2.94611 latency=371
44100 os=8 shape=11 tp=0 SP=-1 TP16=0.431372 latency=371
44100 os=8 shape=0 tp=1 SP=-1.53379 TP16=-1.00726 latency=371
44100 os=8 shape=1 tp=1 SP=-1.01 TP16=-1.00992 latency=371
44100 os=8 shape=2 tp=1 SP=-3.16393 TP16=-1.00729 latency=371
44100 os=8 shape=3 tp=1 SP=-1.32686 TP16=-1.01001 latency=371
44100 os=8 shape=4 tp=1 SP=-3.48048 TP16=-1.42625 latency=371
44100 os=8 shape=5 tp=1 SP=-1.53205 TP16=-1.23842 latency=371
44100 os=8 shape=6 tp=1 SP=-2.34849 TP16=-1.01 latency=371
44100 os=8 shape=7 tp=1 SP=-2.31298 TP16=-1.00966 latency=371
44100 os=8 shape=8 tp=1 SP=-1.01 TP16=-1.00901 latency=371
44100 os=8 shape=9 tp=1 SP=-2.93632 TP16=-1.20188 latency=371
44100 os=8 shape=10 tp=1 SP=-1.01885 TP16=-1.01885 latency=371
44100 os=8 shape=11 tp=1 SP=-1.77579 TP16=-1.00992 latency=371
48000 os=8 shape=0 tp=0 SP=-1 TP16=0.407119 latency=393
48000 os=8 shape=1 tp=0 SP=-1 TP16=0.871859 latency=393
48000 os=8 shape=2 tp=0 SP=-1 TP16=1.63073 latency=393
48000 os=8 shape=3 tp=0 SP=-1 TP16=1.96006 latency=393
48000 os=8 shape=4 tp=0 SP=-1 TP16=3.17107 latency=393
48000 os=8 shape=5 tp=0 SP=-1 TP16=1.21576 latency=393
48000 os=8 shape=6 tp=0 SP=-1 TP16=1.46492 latency=393
48000 os=8 shape=7 tp=0 SP=-1 TP16=3.35258 latency=393
48000 os=8 shape=8 tp=0 SP=-1 TP16=1.59965 latency=393
48000 os=8 shape=9 tp=0 SP=-1 TP16=2.29796 latency=393
48000 os=8 shape=10 tp=0 SP=-1 TP16=2.16293 latency=393
48000 os=8 shape=11 tp=0 SP=-1 TP16=0.395954 latency=393
48000 os=8 shape=0 tp=1 SP=-1.53125 TP16=-1.00421 latency=393
48000 os=8 shape=1 tp=1 SP=-1.2019 TP16=-1.00984 latency=393
48000 os=8 shape=2 tp=1 SP=-3.03753 TP16=-1.00729 latency=393
48000 os=8 shape=3 tp=1 SP=-1.12288 TP16=-1.0096 latency=393
48000 os=8 shape=4 tp=1 SP=-3.47854 TP16=-1.42626 latency=393
48000 os=8 shape=5 tp=1 SP=-1.53521 TP16=-1.24321 latency=393
48000 os=8 shape=6 tp=1 SP=-2.34937 TP16=-1.00953 latency=393
48000 os=8 shape=7 tp=1 SP=-1.82238 TP16=-1.00969 latency=393
48000 os=8 shape=8 tp=1 SP=-1.01474 TP16=-1.01 latency=393
48000 os=8 shape=9 tp=1 SP=-2.9367 TP16=-1.20186 latency=393
48000 os=8 shape=10 tp=1 SP=-1.00452 TP16=-1.00426 latency=393
48000 os=8 shape=11 tp=1 SP=-1.77431 TP16=-1.00993 latency=393
96000 os=8 shape=0 tp=0 SP=-1 TP16=0.395965 latency=681
96000 os=8 shape=1 tp=0 SP=-1 TP16=0.721877 latency=681
96000 os=8 shape=2 tp=0 SP=-1 TP16=1.66425 latency=681
96000 os=8 shape=3 tp=0 SP=-1 TP16=1.96006 latency=681
96000 os=8 shape=4 tp=0 SP=-1 TP16=3.17107 latency=681
96000 os=8 shape=5 tp=0 SP=-1 TP16=1.21576 latency=681
96000 os=8 shape=6 tp=0 SP=-1 TP16=1.46492 latency=681
96000 os=8 shape=7 tp=0 SP=-1 TP16=3.35258 latency=681
96000 os=8 shape=8 tp=0 SP=-1 TP16=1.17062 latency=681
96000 os=8 shape=9 tp=0 SP=-1 TP16=2.76214 latency=681
96000 os=8 shape=10 tp=0 SP=-1 TP16=2.20313 latency=681
96000 os=8 shape=11 tp=0 SP=-1 TP16=0.402756 latency=681
96000 os=8 shape=0 tp=1 SP=-1.53471 TP16=-1.00947 latency=681
96000 os=8 shape=1 tp=1 SP=-1.22064 TP16=-1.00993 latency=681
96000 os=8 shape=2 tp=1 SP=-3.03753 TP16=-1.00729 latency=681
96000 os=8 shape=3 tp=1 SP=-1.22312 TP16=-1.00985 latency=681
96000 os=8 shape=4 tp=1 SP=-3.49266 TP16=-1.4263 latency=681
96000 os=8 shape=5 tp=1 SP=-1.55435 TP16=-1.27224 latency=681
96000 os=8 shape=6 tp=1 SP=-2.35049 TP16=-1.00976 latency=681
96000 os=8 shape=7 tp=1 SP=-2.15207 TP16=-1.00985 latency=681
96000 os=8 shape=8 tp=1 SP=-1.08283 TP16=-1.00994 latency=681
96000 os=8 shape=9 tp=1 SP=-2.93509 TP16=-1.20188 latency=681
96000 os=8 shape=10 tp=1 SP=-1.00294 TP16=-1.00007 latency=681
96000 os=8 shape=11 tp=1 SP=-1.76533 TP16=-1.00997 latency=681
44100 os=16 shape=0 tp=0 SP=-1 TP16=0.469415 latency=373
44100 os=16 shape=1 tp=0 SP=-1 TP16=0.818519 latency=373
44100 os=16 shape=2 tp=0 SP=-1 TP16=1.91227 latency=373
44100 os=16 shape=3 tp=0 SP=-1 TP16=1.92834 latency=373
44100 os=16 shape=4 tp=0 SP=-1 TP16=3.29728 latency=373
44100 os=16 shape=5 tp=0 SP=-1 TP16=-0.297473 latency=373
44100 os=16 shape=6 tp=0 SP=-1 TP16=1.50174 latency=373
44100 os=16 shape=7 tp=0 SP=-1 TP16=3.33805 latency=373
44100 os=16 shape=8 tp=0 SP=-1 TP16=1.27209 latency=373
44100 os=16 shape=9 tp=0 SP=-1 TP16=3.00652 latency=373
44100 os=16 shape=10 tp=0 SP=-1 TP16=2.99889 latency=373
44100 os=16 shape=11 tp=0 SP=-1 TP16=0.506349 latency=373
44100 os=16 shape=0 tp=1 SP=-1.25655 TP16=-1.00998 latency=373
44100 os=16 shape=1 tp=1 SP=-1.03292 TP16=-1.00994 latency=373
44100 os=16 shape=2 tp=1 SP=-3.51843 TP16=-1.01044 latency=373
44100 os=16 shape=3 tp=1 SP=-1.24318 TP16=-1.07414 latency=373
44100 os=16 shape=4 tp=1 SP=-5.43059 TP16=-1.47839 latency=373
44100 os=16 shape=5 tp=1 SP=-1.27039 TP16=-1.19042 latency=373
44100 os=16 shape=6 tp=1 SP=-2.65945 TP16=-1.01 latency=373
44100 os=16 shape=7 tp=1 SP=-3.45931 TP16=-1.00993 latency=373
44100 os=16 shape=8 tp=1 SP=-1.01 TP16=-1.01 latency=373
44100 os=16 shape=9 tp=1 SP=-4.76897 TP16=-1.40664 latency=373
44100 os=16 shape=10 tp=1 SP=-1.03795 TP16=-1.03795 latency=373
44100 os=16 shape=11 tp=1 SP=-1.93312 TP16=-1.00999 latency=373
48000 os=16 shape=0 tp=0 SP=-1 TP16=0.469413 latency=395
48000 os=16 shape=1 tp=0 SP=-1 TP16=0.803217 latency=395
48000 os=16 shape=2 tp=0 SP=-1 TP16=1.9129 latency=395
48000 os=16 shape=3 tp=0 SP=-1 TP16=1.92834 latency=395
48000 os=16 shape=4 tp=0 SP=-1 TP16=3.29728 latency=395
48000 os=16 shape=5 tp=0 SP=-1 TP16=-0.297473 latency=395
48000 os=16 shape=6 tp=0 SP=-1 TP16=1.50174 latency=395
48000 os=16 shape=7 tp=0 SP=-1 TP16=3.33805 latency=395
48000 os=16 shape=8 tp=0 SP=-1 TP16=1.37902 latency=395
48000 os=16 shape=9 tp=0 SP=-1 TP16=2.86971 latency=395
48000 os=16 shape=10 tp=0 SP=-1 TP16=2.0497 latency=395
48000 os=16 shape=11 tp=0 SP=-1 TP16=0.4694 latency=395
48000 os=16 shape=0 tp=1 SP=-1.25401 TP16=-1.01 latency=395
48000 os=16 shape=1 tp=1 SP=-1.12065 TP16=-1.00992 latency=395
48000 os=16 shape=2 tp=1 SP=-3.51843 TP16=-1.01937 latency=395
48000 os=16 shape=3 tp=1 SP=-1.19132 TP16=-1.00992 latency=395
48000 os=16 shape=4 tp=1 SP=-5.42897 TP16=-1.4784 latency=395
48000 os=16 shape=5 tp=1 SP=-1.27365 TP16=-1.19441 latency=395
48000 os=16 shape=6 tp=1 SP=-2.52157 TP16=-1.00983 latency=395
48000 os=16 shape=7 tp=1 SP=-2.59361 TP16=-1.00995 latency=395
48000 os=16 shape=8 tp=1 SP=-1.03937 TP16=-1.01 latency=395
48000 os=16 shape=9 tp=1 SP=-4.81677 TP16=-1.40663 latency=395
48000 os=16 shape=10 tp=1 SP=-1.01 TP16=-1.01 latency=395
48000 os=16 shape=11 tp=1 SP=-1.93164 TP16=-1.00999 latency=395
96000 os=16 shape=0 tp=0 SP=-1 TP16=0.469402 latency=683
96000 os=16 shape=1 tp=0 SP=-1 TP16=0.691781 latency=683
96000 os=16 shape=2 tp=0 SP=-1 TP16=1.91224 latency=683
96000 os=16 shape=3 tp=0 SP=-1 TP16=1.92834 latency=683
96000 os=16 shape=4 tp=0 SP=-1 TP16=3.29728 latency=683
96000 os=16 shape=5 tp=0 SP=-1 TP16=-0.297473 latency=683
96000 os=16 shape=6 tp=0 SP=-1 TP16=1.50174 latency=683
96000 os=16 shape=7 tp=0 SP=-1 TP16=3.33805 latency=683
96000 os=16 shape=8 tp=0 SP=-1 TP16=0.965157 latency=683
96000 os=16 shape=9 tp=0 SP=-1 TP16=3.04865 latency=683
96000 os=16 shape=10 tp=0 SP=-1 TP16=2.22937 latency=683
96000 os=16 shape=11 tp=0 SP=-1 TP16=0.477239 latency=683
96000 os=16 shape=0 tp=1 SP=-1.25742 TP16=-1.01 latency=683
96000 os=16 shape=1 tp=1 SP=-1.0763 TP16=-1.00996 latency=683
96000 os=16 shape=2 tp=1 SP=-3.51843 TP16=-1.01878 latency=683
96000 os=16 shape=3 tp=1 SP=-1.19107 TP16=-1.00996 latency=683
96000 os=16 shape=4 tp=1 SP=-5.41933 TP16=-1.47844 latency=683
96000 os=16 shape=5 tp=1 SP=-1.29337 TP16=-1.21857 latency=683
96000 os=16 shape=6 tp=1 SP=-2.66153 TP16=-1.00991 latency=683
96000 os=16 shape=7 tp=1 SP=-3.40171 TP16=-1.00998 latency=683
96000 os=16 shape=8 tp=1 SP=-1.04151 TP16=-1.00998 latency=683
96000 os=16 shape=9 tp=1 SP=-4.8147 TP16=-1.40665 latency=683
96000 os=16 shape=10 tp=1 SP=-1.02828 TP16=-1.02828 latency=683
96000 os=16 shape=11 tp=1 SP=-1.92272 TP16=-1.01 latency=683
RESULT 216 cases; worst sample=-1 TP16=-1.00007 dBFS/dBTP at -1 ceiling; failures=0.
PASS: independent peak and true-peak bounds.
TIGHT rate=44100 ceiling=0 TP16=-0.00692933 dBTP
TIGHT rate=48000 ceiling=0 TP16=-0.00693762 dBTP
TIGHT rate=96000 ceiling=0 TP16=-0.00765008 dBTP
PASS: TP Ceiling=0 approaches 0 dBTP without the former fixed -0.10 dB reserve.
DISPLAY rate=44100 hardGR=3.0103 tpGR=3.01035 switchDelta=1.23864 dB latency=371
DISPLAY rate=48000 hardGR=3.0103 tpGR=3.01035 switchDelta=1.23423 dB latency=393
DISPLAY rate=96000 hardGR=3.0103 tpGR=3.01035 switchDelta=1.21144 dB latency=681
PASS: OutputCeiling exposes 8x Hard-Clip / TP attenuation and TP switching keeps fixed latency.
RECOVERY rate=44100 20ms T/A/S=0.315046/2.74453/9.13151 80ms=2.07088e-06/0.0432251/3.21682 dB
RECOVERY rate=48000 20ms T/A/S=0.30894/2.7246/9.13149 80ms=2.07088e-06/0.0429561/3.21066 dB
RECOVERY rate=96000 20ms T/A/S=0.284537/2.64555/9.13147 80ms=1.55316e-06/0.0418808/3.18473 dB
PASS: TP Recovery produces ordered TIGHT/AUTO/SMOOTH release envelopes.
