Actual VST3 comparison: 1.2.40 -> 1.2.41; rate=48000; editor closed; continuous input: -200 dB DC, noise, music/onsets, decaying tail; transport playing; offline flag in final phase
config,block,eco,signal,old_us,new_us,reduction_percent,max_audio_delta,latency
Normal0-1,1024,0,playing_DC_-200,1642.8958,1632.4375,0.63657921,0,0
Normal0-1,1024,0,playing_noise_-90,1686.6271,1686.0271,0.035573957,0,0
Normal0-1,1024,0,playing_music,1606.05,1581.8646,1.5058944,0,0
Normal0-1,1024,0,playing_tail_noise,1701.6313,1696.0833,0.32603519,0,0
Normal0-1,1024,0,offline_music,1583.0333,1587.3625,-0.27347287,0,0
Normal0-1,1024,1,playing_DC_-200,270.97917,261.5375,3.4842777,0,0
Normal0-1,1024,1,playing_noise_-90,281.13333,276.51042,1.6443858,0,0
Normal0-1,1024,1,playing_music,266.18958,262.00833,1.570779,0,0
Normal0-1,1024,1,playing_tail_noise,283.77917,277.4,2.2479334,0,0
Normal0-1,1024,1,offline_music,272.90625,269.48125,1.2550097,0,0
Normal0-4,1024,0,playing_DC_-200,3234.8,3332.1812,-3.0104257,0,61
Normal0-4,1024,0,playing_noise_-90,3214.8229,3100.6458,3.5515824,0,61
Normal0-4,1024,0,playing_music,3509.1813,3469.625,1.1272216,0,61
Normal0-4,1024,0,playing_tail_noise,3505.8167,3499.1062,0.19140809,0,61
Normal0-4,1024,0,offline_music,3305.7188,3290.8583,0.44953663,0,61
Normal0-4,1024,1,playing_DC_-200,1926.1792,1914.9438,0.58330071,0,61
Normal0-4,1024,1,playing_noise_-90,1971.8125,1957.3563,0.73314527,0,61
Normal0-4,1024,1,playing_music,1888.3792,1896.9938,-0.45618928,0,61
Normal0-4,1024,1,playing_tail_noise,1997.6313,2011.2667,-0.68257926,0,61
Normal0-4,1024,1,offline_music,1821.3083,1817.775,0.19399973,0,61
Normal0-8,1024,0,playing_DC_-200,4378.075,4379.0146,-0.021461106,0,65
Normal0-8,1024,0,playing_noise_-90,4355.4854,4355.1104,0.0086098325,0,65
Normal0-8,1024,0,playing_music,4358.1458,4348.7354,0.21592707,0,65
Normal0-8,1024,0,playing_tail_noise,4383.0167,4430.4917,-1.0831581,0,65
Normal0-8,1024,0,offline_music,4335.7333,4337.6125,-0.04334138,0,65
Normal0-8,1024,1,playing_DC_-200,3140.7063,3157.4375,-0.53272254,0,65
Normal0-8,1024,1,playing_noise_-90,3122.6938,3114.1458,0.27373535,0,65
Normal0-8,1024,1,playing_music,3147.8479,3137.3458,0.33362741,0,65
Normal0-8,1024,1,playing_tail_noise,3106.7667,3104.35,0.077787196,0,65
Normal0-8,1024,1,offline_music,3149.3938,3156.1479,-0.21445926,0,65
Normal0-16,1024,0,playing_DC_-200,6816.7875,6827.9854,-0.1642697,0,67
Normal0-16,1024,0,playing_noise_-90,6791.1979,6821.725,-0.44950955,0,67
Normal0-16,1024,0,playing_music,6868.3438,6874.9083,-0.095577385,0,67
Normal0-16,1024,0,playing_tail_noise,7000.1125,6952.2375,0.68391758,0,67
Normal0-16,1024,0,offline_music,6804.1271,6813.2854,-0.13459968,0,67
Normal0-16,1024,1,playing_DC_-200,5359.7021,5354.7042,0.093249897,0,67
Normal0-16,1024,1,playing_noise_-90,5365.1375,5362.3917,0.051179179,0,67
Normal0-16,1024,1,playing_music,5391.0104,5376.8708,0.26228076,0,67
Normal0-16,1024,1,playing_tail_noise,5410.1479,5413.5812,-0.063460988,0,67
Normal0-16,1024,1,offline_music,5394.3687,5424,-0.54929967,0,67
Normal26,1024,0,playing_DC_-200,1418.9,1324.8937,6.6252907,0,1248
Normal26,1024,0,playing_noise_-90,1478.3,1373.8229,7.0673803,0,1248
Normal26,1024,0,playing_music,1453.6646,1353.3479,6.90095,0,1248
Normal26,1024,0,playing_tail_noise,1480.4146,1360.3354,8.1111851,0,1248
Normal26,1024,0,offline_music,1464.0792,1351.7813,7.670208,0,1248
Normal26,1024,1,playing_DC_-200,315.67292,242.26458,23.254555,0,1248
Normal26,1024,1,playing_noise_-90,373.74167,260.67083,30.25374,0,1248
Normal26,1024,1,playing_music,358.45417,253.28125,29.340687,0,1248
Normal26,1024,1,playing_tail_noise,376.23542,264.25208,29.764166,0,1248
Normal26,1024,1,offline_music,357.79167,253.9875,29.012461,0,1248
Limiter26-16,1024,0,playing_DC_-200,4551.5396,3859.5729,15.202914,0,1643
Limiter26-16,1024,0,playing_noise_-90,4593.7563,3894.5229,15.221385,0,1643
Limiter26-16,1024,0,playing_music,4719.7,3894.5625,17.482838,0,1643
Limiter26-16,1024,0,playing_tail_noise,4683.375,3984.4208,14.924155,0,1643
Limiter26-16,1024,0,offline_music,4976.5521,4030.4583,19.011029,0,1643
Limiter26-16,1024,1,playing_DC_-200,3204.5729,2529.1354,21.077302,0,1643
Limiter26-16,1024,1,playing_noise_-90,3315.7604,2600.5854,21.568959,0,1643
Limiter26-16,1024,1,playing_music,3525.1438,2702.3521,23.340656,0,1643
Limiter26-16,1024,1,playing_tail_noise,3374.5708,2671.4792,20.834995,0,1643
Limiter26-16,1024,1,offline_music,3426.2479,2643.6708,22.840644,0,1643
Limiter0-16shared,1024,0,playing_DC_-200,8430.7292,7795.9979,7.5287824,0,395
Limiter0-16shared,1024,0,playing_noise_-90,8507.8604,7851.9583,7.7093658,0,395
Limiter0-16shared,1024,0,playing_music,8703.8521,8000.0813,8.0857398,0,395
Limiter0-16shared,1024,0,playing_tail_noise,8503.9667,7844.8333,7.7508927,0,395
Limiter0-16shared,1024,0,offline_music,9962.4104,9413.0979,5.5138513,0,395
Limiter0-16shared,1024,1,playing_DC_-200,7770.9542,7029.1083,9.5463931,0,395
Limiter0-16shared,1024,1,playing_noise_-90,7078.6271,6448.3583,8.9038276,0,395
Limiter0-16shared,1024,1,playing_music,7247.2208,6485.55,10.509833,0,395
Limiter0-16shared,1024,1,playing_tail_noise,7067.0604,6432.5896,8.9778606,0,395
Limiter0-16shared,1024,1,offline_music,7254.1292,6517.1771,10.15907,0,395
Limiter0-16ceil4,1024,0,playing_DC_-200,8015.6813,7932.5104,1.0376016,0,456
Limiter0-16ceil4,1024,0,playing_noise_-90,8038.9625,7941.0417,1.218078,0,456
Limiter0-16ceil4,1024,0,playing_music,8234.7375,8081.7208,1.8581851,0,456
Limiter0-16ceil4,1024,0,playing_tail_noise,8700.0333,8266.8292,4.9793392,0,456
Limiter0-16ceil4,1024,0,offline_music,8956.2521,8635.5417,3.5808552,0,456
Limiter0-16ceil4,1024,1,playing_DC_-200,6866.8646,6653.6375,3.1051593,0,456
Limiter0-16ceil4,1024,1,playing_noise_-90,6691.8854,6493.5979,2.9631036,0,456
Limiter0-16ceil4,1024,1,playing_music,6824.7521,6575.5917,3.6508347,0,456
Limiter0-16ceil4,1024,1,playing_tail_noise,6842.6396,6659.0437,2.6831142,0,456
Limiter0-16ceil4,1024,1,offline_music,6863.2292,6717.425,2.1244252,0,456
PASS actual old/new VST3 output/PDC; max_delta=0. Plugin CPU timings are not Cubase ASIO-Guard percentages.
