Actual VST3 comparison: 1.2.40 -> 1.2.41; rate=48000; editor closed; continuous input: -200 dB DC, noise, music/onsets, decaying tail; stopped/playing/offline
config,block,eco,signal,old_us,new_us,reduction_percent,max_audio_delta,latency
Normal0-1,1024,0,stopped_DC_-200,645.43125,631.65833,2.1339092,0,0
Normal0-1,1024,0,stopped_noise_-90,487.225,477.74792,1.9451143,0,0
Normal0-1,1024,0,playing_music,1689.4,1721.0833,-1.8754193,0,0
Normal0-1,1024,0,playing_tail_noise,1697.4583,1646.6583,2.9927097,0,0
Normal0-1,1024,0,offline_music,491.96042,496.75833,-0.97526478,0,0
Normal0-1,1024,1,stopped_DC_-200,286.325,290.97292,-1.623301,0,0
Normal0-1,1024,1,stopped_noise_-90,298.475,299.90417,-0.47882291,0,0
Normal0-1,1024,1,playing_music,284.37292,282.0375,0.82125144,0,0
Normal0-1,1024,1,playing_tail_noise,256.69792,253.2875,1.328572,0,0
Normal0-1,1024,1,offline_music,260.69792,263.32083,-1.0061134,0,0
Normal0-4,1024,0,stopped_DC_-200,2228.6042,2240.9271,-0.55294327,0,61
Normal0-4,1024,0,stopped_noise_-90,2280.5417,2288.2396,-0.33754773,0,61
Normal0-4,1024,0,playing_music,3312.65,3362.5396,-1.5060324,0,61
Normal0-4,1024,0,playing_tail_noise,3312.6188,3303.2438,0.28300872,0,61
Normal0-4,1024,0,offline_music,2187.5396,2233.5771,-2.1045333,0,61
Normal0-4,1024,1,stopped_DC_-200,1989.9042,1986.5979,0.16615122,0,61
Normal0-4,1024,1,stopped_noise_-90,1924.4917,1927.2229,-0.14192059,0,61
Normal0-4,1024,1,playing_music,1866.0104,1871.1542,-0.27565495,0,61
Normal0-4,1024,1,playing_tail_noise,1856.3,1857.5188,-0.065654797,0,61
Normal0-4,1024,1,offline_music,1937.8375,1919.2396,0.9597253,0,61
Normal0-8,1024,0,stopped_DC_-200,3722.5583,3627.0979,2.5643766,0,65
Normal0-8,1024,0,stopped_noise_-90,3735.9854,3777.2458,-1.1044052,0,65
Normal0-8,1024,0,playing_music,4710.9458,4713.5562,-0.055411732,0,65
Normal0-8,1024,0,playing_tail_noise,5262.6562,4936.6708,6.1943133,0,65
Normal0-8,1024,0,offline_music,3656.9271,3625.6854,0.85431473,0,65
Normal0-8,1024,1,stopped_DC_-200,3420.25,3408.0958,0.35535901,0,65
Normal0-8,1024,1,stopped_noise_-90,3535.0125,3506.1729,0.81582691,0,65
Normal0-8,1024,1,playing_music,3557.9292,3507.0417,1.4302561,0,65
Normal0-8,1024,1,playing_tail_noise,3545.3375,3726.1958,-5.1013009,0,65
Normal0-8,1024,1,offline_music,3715.5979,3758.3979,-1.1519007,0,65
Normal0-16,1024,0,stopped_DC_-200,6490.8896,6555.5917,-0.9968138,0,67
Normal0-16,1024,0,stopped_noise_-90,7289.7708,7419.5604,-1.7804343,0,67
Normal0-16,1024,0,playing_music,7751.3313,7791.2542,-0.51504594,0,67
Normal0-16,1024,0,playing_tail_noise,7429,7678.4271,-3.3574786,0,67
Normal0-16,1024,0,offline_music,6507.2354,6738.7937,-3.5584748,0,67
Normal0-16,1024,1,stopped_DC_-200,6677.8667,6476.3479,3.0177115,0,67
Normal0-16,1024,1,stopped_noise_-90,6191.8688,6057.1667,2.1754674,0,67
Normal0-16,1024,1,playing_music,6353.95,6609.3979,-4.020301,0,67
Normal0-16,1024,1,playing_tail_noise,6388.1229,6337.6854,0.78955118,0,67
Normal0-16,1024,1,offline_music,6147.5104,6223.725,-1.2397634,0,67
Normal26,1024,0,stopped_DC_-200,573.16875,525.2125,8.366864,0,1248
Normal26,1024,0,stopped_noise_-90,592.64792,518.22292,12.558046,0,1248
Normal26,1024,0,playing_music,1638.3667,1564.5125,4.5077923,0,1248
Normal26,1024,0,playing_tail_noise,1633.825,1541.6542,5.6414141,0,1248
Normal26,1024,0,offline_music,568.8125,513.70417,9.6883126,0,1248
Normal26,1024,1,stopped_DC_-200,378.5,290.16458,23.338287,0,1248
Normal26,1024,1,stopped_noise_-90,415.42083,297.24583,28.447057,0,1248
Normal26,1024,1,playing_music,475.32917,356.04375,25.095329,0,1248
Normal26,1024,1,playing_tail_noise,407.47917,288.9875,29.079196,0,1248
Normal26,1024,1,offline_music,394.44375,283.375,28.158324,0,1248
Limiter26-16,1024,0,stopped_DC_-200,4177.7854,3419.7729,18.143883,0,1643
Limiter26-16,1024,0,stopped_noise_-90,4026.2313,3186.175,20.86458,0,1643
Limiter26-16,1024,0,playing_music,5217.7625,4431.9875,15.059616,0,1643
Limiter26-16,1024,0,playing_tail_noise,4908.3937,4176.9292,14.902321,0,1643
Limiter26-16,1024,0,offline_music,4137.9208,3194.9542,22.788417,0,1643
Limiter26-16,1024,1,stopped_DC_-200,4047.9104,3233.5062,20.119125,0,1643
Limiter26-16,1024,1,stopped_noise_-90,3799.6417,3074.5563,19.082995,0,1643
Limiter26-16,1024,1,playing_music,3822.1229,3013.2792,21.16216,0,1643
Limiter26-16,1024,1,playing_tail_noise,3886.7021,3053.5542,21.435857,0,1643
Limiter26-16,1024,1,offline_music,3782.775,2971.7188,21.440774,0,1643
Limiter0-16shared,1024,0,stopped_DC_-200,8544.2812,8002.2292,6.3440337,0,395
Limiter0-16shared,1024,0,stopped_noise_-90,8532.5063,8030.7438,5.8805993,0,395
Limiter0-16shared,1024,0,playing_music,10034.042,8943.075,10.872654,0,395
Limiter0-16shared,1024,0,playing_tail_noise,9641.3417,8875.65,7.9417543,0,395
Limiter0-16shared,1024,0,offline_music,8958.6625,7992.975,10.779371,0,395
Limiter0-16shared,1024,1,stopped_DC_-200,7609.5437,7117.1417,6.470849,0,395
Limiter0-16shared,1024,1,stopped_noise_-90,8117.8729,7399.425,8.8501991,0,395
Limiter0-16shared,1024,1,playing_music,8674.5333,7675.1646,11.520721,0,395
Limiter0-16shared,1024,1,playing_tail_noise,8002.8562,7425.2792,7.2171368,0,395
Limiter0-16shared,1024,1,offline_music,8053.8063,7342.0042,8.838083,0,395
Limiter0-16ceil4,1024,0,stopped_DC_-200,8630.9417,8696.7604,-0.7625906,0,456
Limiter0-16ceil4,1024,0,stopped_noise_-90,8945.6458,8623.1042,3.6055716,0,456
Limiter0-16ceil4,1024,0,playing_music,9852.6542,9367.5979,4.9231024,0,456
Limiter0-16ceil4,1024,0,playing_tail_noise,9144.8396,9021.9708,1.3435856,0,456
Limiter0-16ceil4,1024,0,offline_music,7955.5208,7950.4167,0.0641588,0,456
Limiter0-16ceil4,1024,1,stopped_DC_-200,7290.1021,7032.2833,3.5365588,0,456
Limiter0-16ceil4,1024,1,stopped_noise_-90,7835.3979,7580.4833,3.2533713,0,456
Limiter0-16ceil4,1024,1,playing_music,7528.8708,7433.0792,1.2723245,0,456
Limiter0-16ceil4,1024,1,playing_tail_noise,7415.7833,7156.6104,3.4948825,0,456
Limiter0-16ceil4,1024,1,offline_music,7912.6583,7762.4146,1.8987772,0,456
PASS actual old/new VST3 output/PDC; max_delta=0. Plugin CPU timings are not Cubase ASIO-Guard percentages.
