Actual VST3 comparison: 1.2.41 -> 1.2.42; rate=48000; editor closed; continuous input: -200 dB DC, noise, music/onsets, decaying tail; transport playing; offline flag in final phase
config,block,eco,signal,old_us,new_us,reduction_percent,max_audio_delta,latency
Normal0-1,1024,0,playing_DC_-200,1396.7938,1387.7938,0.64433278,0,0
Normal0-1,1024,0,playing_noise_-90,1375.4688,1367.95,0.54663183,0,0
Normal0-1,1024,0,playing_music,1374.4375,1369.9563,0.32604247,0,0
Normal0-1,1024,0,playing_tail_noise,1359.2917,1365.9813,-0.49213745,0,0
Normal0-1,1024,0,offline_music,1355.1021,1372.0562,-1.2511358,0,0
Normal0-1,1024,1,playing_DC_-200,252.60625,230.08333,8.9162151,0,0
Normal0-1,1024,1,playing_noise_-90,257.18958,223.56667,13.073203,0,0
Normal0-1,1024,1,playing_music,258.61458,231.36458,10.536915,0,0
Normal0-1,1024,1,playing_tail_noise,260.17083,234.21667,9.9758172,0,0
Normal0-1,1024,1,offline_music,252.67917,229.89167,9.0183533,0,0
Normal0-4,1024,0,playing_DC_-200,3052.7792,2980.3604,2.3722237,0,61
Normal0-4,1024,0,playing_noise_-90,3045.9979,3015.9333,0.98701917,0,61
Normal0-4,1024,0,playing_music,3024.9312,3032.6708,-0.25585981,0,61
Normal0-4,1024,0,playing_tail_noise,3066.7771,3025.8438,1.3347346,0,61
Normal0-4,1024,0,offline_music,3071.6937,2982.2021,2.9134306,0,61
Normal0-4,1024,1,playing_DC_-200,1862.7708,1875.4792,-0.68222742,0,61
Normal0-4,1024,1,playing_noise_-90,1797.6375,1787.9417,0.53936532,0,61
Normal0-4,1024,1,playing_music,1817.8979,1801.2625,0.9150908,0,61
Normal0-4,1024,1,playing_tail_noise,1879.8604,1859.2042,1.0988183,0,61
Normal0-4,1024,1,offline_music,1874.6208,1858.0167,0.88573467,0,61
Normal0-8,1024,0,playing_DC_-200,4684.5396,4587.6,2.0693514,0,65
Normal0-8,1024,0,playing_noise_-90,4954.6604,5172.3313,-4.3932543,0,65
Normal0-8,1024,0,playing_music,4912.3083,4767.9083,2.9395549,0,65
Normal0-8,1024,0,playing_tail_noise,4839.3458,4862.1333,-0.47087976,0,65
Normal0-8,1024,0,offline_music,4895.9396,4861.6604,0.70015502,0,65
Normal0-8,1024,1,playing_DC_-200,3354.7083,3324.2792,0.90705849,0,65
Normal0-8,1024,1,playing_noise_-90,3293.0792,3263.9187,0.88550609,0,65
Normal0-8,1024,1,playing_music,3200.4438,3172.7896,0.86407289,0,65
Normal0-8,1024,1,playing_tail_noise,3278.5979,3248.1833,0.92767043,0,65
Normal0-8,1024,1,offline_music,3193.0167,3151.7292,1.2930562,0,65
Normal0-16,1024,0,playing_DC_-200,7158.9083,7009.4583,2.0876088,0,67
Normal0-16,1024,0,playing_noise_-90,7131.2104,7020.6167,1.5508412,0,67
Normal0-16,1024,0,playing_music,7059.0625,7023.3854,0.50540824,0,67
Normal0-16,1024,0,playing_tail_noise,7115.3937,6974.2792,1.9832294,0,67
Normal0-16,1024,0,offline_music,7111.9708,7064.9938,0.66053538,0,67
Normal0-16,1024,1,playing_DC_-200,5564.3958,5550.4563,0.25051387,0,67
Normal0-16,1024,1,playing_noise_-90,5610.6771,5614.9417,-0.076008355,0,67
Normal0-16,1024,1,playing_music,5561.2125,5574.2146,-0.23379943,0,67
Normal0-16,1024,1,playing_tail_noise,5585.1417,5569.8417,0.27394113,0,67
Normal0-16,1024,1,offline_music,5597.4187,5603.8083,-0.11415232,0,67
Normal26,1024,0,playing_DC_-200,1389.7958,1392.3333,-0.18258077,0,1248
Normal26,1024,0,playing_noise_-90,1468.325,1456.8188,0.78363101,0,1248
Normal26,1024,0,playing_music,1418.4333,1410.5271,0.55739313,0,1248
Normal26,1024,0,playing_tail_noise,1480.9458,1445.5646,2.3890982,0,1248
Normal26,1024,0,offline_music,1445.3312,1427.7667,1.2152635,0,1248
Normal26,1024,1,playing_DC_-200,258.22292,256.33958,0.72934399,0,1248
Normal26,1024,1,playing_noise_-90,277.425,286.86458,-3.4025713,0,1248
Normal26,1024,1,playing_music,270.61875,266.825,1.40188,0,1248
Normal26,1024,1,playing_tail_noise,303.6625,301.13542,0.83220132,0,1248
Normal26,1024,1,offline_music,276.57708,274.07708,0.90390714,0,1248
Limiter26-16,1024,0,playing_DC_-200,3937.0417,3900.5146,0.92777995,0,1643
Limiter26-16,1024,0,playing_noise_-90,4086.8354,4038.7708,1.1760832,0,1643
Limiter26-16,1024,0,playing_music,4013.8542,3924.6625,2.2220953,0,1643
Limiter26-16,1024,0,playing_tail_noise,4003.4896,3971.4625,0.79997918,0,1643
Limiter26-16,1024,0,offline_music,4021.8979,3943.1542,1.9578754,0,1643
Limiter26-16,1024,1,playing_DC_-200,2568.1625,2592.6042,-0.95171807,0,1643
Limiter26-16,1024,1,playing_noise_-90,3018.7312,2891.2146,4.2241808,0,1643
Limiter26-16,1024,1,playing_music,2745.4271,2743.65,0.064728848,0,1643
Limiter26-16,1024,1,playing_tail_noise,2674.1312,2670.5542,0.13376618,0,1643
Limiter26-16,1024,1,offline_music,2713.9917,2699.7708,0.5239822,0,1643
Limiter0-16shared,1024,0,playing_DC_-200,8265.6375,8053.1521,2.5707081,0,395
Limiter0-16shared,1024,0,playing_noise_-90,8251.0479,8063.5583,2.2723124,0,395
Limiter0-16shared,1024,0,playing_music,8360.5521,8217.7896,1.7075726,0,395
Limiter0-16shared,1024,0,playing_tail_noise,8279,8130.3625,1.7953557,0,395
Limiter0-16shared,1024,0,offline_music,8330.8563,8192.3146,1.6629943,0,395
Limiter0-16shared,1024,1,playing_DC_-200,6594.1542,6585.0312,0.13834855,0,395
Limiter0-16shared,1024,1,playing_noise_-90,6600.8604,6570.5271,0.45953605,0,395
Limiter0-16shared,1024,1,playing_music,6664.8208,6733.0083,-1.0230958,0,395
Limiter0-16shared,1024,1,playing_tail_noise,6654.6771,6684.1354,-0.44267112,0,395
Limiter0-16shared,1024,1,offline_music,6732.2,6713.5229,0.27742912,0,395
Limiter0-16ceil4,1024,0,playing_DC_-200,8371.0208,8166.2417,2.4462867,0,456
Limiter0-16ceil4,1024,0,playing_noise_-90,8412.5917,8186.5292,2.6871921,0,456
Limiter0-16ceil4,1024,0,playing_music,8419.0542,8278.5896,1.6684129,0,456
Limiter0-16ceil4,1024,0,playing_tail_noise,8351.775,8199.2,1.8268572,0,456
Limiter0-16ceil4,1024,0,offline_music,8446.4104,8235.7792,2.4937369,0,456
Limiter0-16ceil4,1024,1,playing_DC_-200,6675.0833,6691.8938,-0.2518383,0,456
Limiter0-16ceil4,1024,1,playing_noise_-90,6680.1458,6710.6542,-0.45670161,0,456
Limiter0-16ceil4,1024,1,playing_music,6772.0958,6758.5417,0.2001473,0,456
Limiter0-16ceil4,1024,1,playing_tail_noise,6689.9479,6743.7271,-0.8038802,0,456
Limiter0-16ceil4,1024,1,offline_music,6786.1729,6808.3458,-0.32673669,0,456
PASS actual old/new VST3 output/PDC; max_delta=0. Plugin CPU timings are not Cubase ASIO-Guard percentages.
