VST3 version=1.2.42 name=QQ Super Compression
block=1024; config,host,source,latency,early_us,late_us,late_output_peak
Normal26,stopped-fixed,residual_-200,1248,445.88125,17.6375,0
Normal26,stopped-advancing,residual_-200,1248,428.9125,17.6,0
Normal26,playing,residual_-200,1248,1395.8375,1395.6953,1e-10
Normal0-4,stopped-fixed,residual_-200,61,2104.4437,17.539063,0
Normal0-4,stopped-advancing,residual_-200,61,2088.325,17.892187,0
Normal0-4,playing,residual_-200,61,3011.0938,3023.8875,9.9981107e-11
Normal0-8,stopped-fixed,residual_-200,65,3541.4437,20.801563,0
Normal0-8,stopped-advancing,residual_-200,65,3527.6875,17.478125,0
Normal0-8,playing,residual_-200,65,4492.5938,5189.2797,9.9904821e-11
Normal0-16,stopped-fixed,residual_-200,67,8085.7063,21.08125,0
Normal0-16,stopped-advancing,residual_-200,67,6505.7,19.235938,0
Normal0-16,playing,residual_-200,67,7833.2,7051.1703,9.9521759e-11
Limiter26-4,stopped-fixed,residual_-200,1637,1634.0125,23.185937,0
Limiter26-4,stopped-advancing,residual_-200,1637,1618.3438,23.395312,0
Limiter26-4,playing,residual_-200,1637,2662.3375,2998.9484,6.286634e-10
Limiter26-8,stopped-fixed,residual_-200,1641,2141.2625,23.223438,0
Limiter26-8,stopped-advancing,residual_-200,1641,2093.2812,24.321875,0
Limiter26-8,playing,residual_-200,1641,3137.7625,3120.5062,6.2818362e-10
Limiter26-16,stopped-fixed,residual_-200,1643,2950.75,23.085938,0
Limiter26-16,stopped-advancing,residual_-200,1643,2853.0312,24.265625,0
Limiter26-16,playing,residual_-200,1643,3954.6,3908.5828,6.2577499e-10
Limiter0-16core4ceil,stopped-fixed,residual_-200,456,7277.9437,23.185938,0
Limiter0-16core4ceil,stopped-advancing,residual_-200,456,7343.9375,24.870312,0
Limiter0-16core4ceil,playing,residual_-200,456,8364.3125,8248.0828,6.2565686e-10
Limiter0-16core8ceil,stopped-fixed,residual_-200,460,7715.2188,24.085938,0
Limiter0-16core8ceil,stopped-advancing,residual_-200,460,7955.2937,27.825,0
Limiter0-16core8ceil,playing,residual_-200,460,9319.575,8747.7547,6.2517935e-10
Limiter0-16shared,stopped-fixed,residual_-200,395,7147.7688,23.582812,0
Limiter0-16shared,stopped-advancing,residual_-200,395,7169.675,23.6,0
Limiter0-16shared,playing,residual_-200,395,8252.2688,8209.0969,6.2577499e-10
PASS actual VST3 silence finite/drained and unchanged latency. Timings are diagnostic, not Cubase meter percentages.
