FULL_RESIDUAL limiter=0 core=0 ceiling=0 recovery=2 tp=1 rate=48000 max_settling_s=1.25 delta=1e-10
FULL_RESIDUAL limiter=0 core=3 ceiling=3 recovery=2 tp=1 rate=48000 max_settling_s=1.25 delta=1.52485e-10
FULL_RESIDUAL limiter=0 core=0 ceiling=0 recovery=2 tp=1 rate=44100 max_settling_s=1.25 delta=1e-10
FULL_RESIDUAL limiter=0 core=1 ceiling=0 recovery=2 tp=1 rate=96000 max_settling_s=1.25 delta=2.59464e-10
FULL_RESIDUAL limiter=1 core=3 ceiling=3 recovery=2 tp=1 rate=48000 max_settling_s=1.25 delta=5.86445e-10
FULL_RESIDUAL limiter=1 core=2 ceiling=1 recovery=2 tp=1 rate=48000 max_settling_s=4.25 delta=7.53037e-10
FULL_RESIDUAL limiter=1 core=0 ceiling=3 recovery=2 tp=1 rate=44100 max_settling_s=1.25 delta=5.86445e-10
FULL_RESIDUAL limiter=1 core=1 ceiling=2 recovery=2 tp=1 rate=48000 max_settling_s=4.25 delta=7.53037e-10
FULL_RESIDUAL limiter=1 core=3 ceiling=3 recovery=1 tp=1 rate=48000 max_settling_s=1.25 delta=5.86445e-10
FULL_RESIDUAL limiter=1 core=1 ceiling=2 recovery=0 tp=0 rate=48000 max_settling_s=1.25 delta=7.53037e-10
FULL_16x_16x_1024 active_us=7169.07 idle_us=30.8195

FULL closed: 1455.2 us/block, N=1024, core/ceiling=16x/16x
  blocks=240, exact zero=0.0%, sleep=80.0%, playing=0.0%, transport unknown=0.0%
  Last idle gate: FULL residual sleep
  Stopped raw main peak min/max: 1.000000e-10 (-200.0 dBFS) / 1.000000e-10 (-200.0 dBFS)
  Key=INT, external bus channels=0; EXT not measured (not selected during stopped blocks)
  Stopped measurement blocks=240, nonfinite input samples=0
PASS FULL residual DC/noise, gain protection, current-block live/SC/play/record/offline/unknown wake, tails, UI and PDC; max_delta=7.53037e-10
ECO_TRANSPORT limiter=0 core=0 ceiling=0 look=0 rate=48000 max_delta=0
ECO_TRANSPORT limiter=0 core=3 ceiling=3 look=0 rate=48000 max_delta=0
ECO_TRANSPORT limiter=0 core=0 ceiling=0 look=26 rate=44100 max_delta=0
ECO_TRANSPORT limiter=1 core=3 ceiling=3 look=0 rate=48000 max_delta=0
ECO_TRANSPORT limiter=1 core=1 ceiling=1 look=0 rate=48000 max_delta=0
ECO_TRANSPORT limiter=1 core=2 ceiling=3 look=0 rate=96000 max_delta=0
ECO_TRANSPORT limiter=1 core=3 ceiling=1 look=0 rate=48000 max_delta=0
ECO_TRANSPORT limiter=1 core=0 ceiling=3 look=26 rate=48000 max_delta=0
ECO_STOP_16x_16x_1024 mean_us=13.2168

ECO closed: 12.5 us/block, N=1024, core/ceiling=16x/16x
  blocks=320, exact zero=0.0%, sleep=100.0%, playing=0.0%, transport unknown=0.0%
  Last idle gate: ECO transport stop
  Stopped raw main peak min/max: 1.000000e-10 (-200.0 dBFS) / 1.000000e-10 (-200.0 dBFS)
  Key=INT, external bus channels=0; EXT not measured (not selected during stopped blocks)
  Stopped measurement blocks=320, nonfinite input samples=0
PASS ECO transport stop: nonzero main/SC, open/closed, edits, A/B, clean restart, recording, stopped offline, unknown transport, FULL live monitoring, bypass, variable blocks, PDC; max_delta=0
PASS stopped raw input peak, INT/EXT isolation, scientific dB display, no playback contamination, phase retention, zero/nonfinite handling; no sample gate introduced
PASS right-click panel, stable editor-owned tooltip, retained closed data, three-size renders, last-choice defaults before UI, existing-instance isolation, project precedence, A/B, reopen, stale preference writers
ECO_PARITY core=0 ceiling=0 limiter=0 look=0 max_delta=0
ECO_PARITY core=3 ceiling=0 limiter=0 look=0 max_delta=0
ECO_PARITY core=1 ceiling=0 limiter=0 look=0 max_delta=0
ECO_PARITY core=2 ceiling=0 limiter=0 look=0 max_delta=0
ECO_PARITY core=2 ceiling=2 limiter=1 look=0 max_delta=0
ECO_PARITY core=3 ceiling=3 limiter=1 look=0 max_delta=0
ECO_PARITY core=1 ceiling=2 limiter=1 look=0 max_delta=0
ECO_PARITY core=2 ceiling=3 limiter=1 look=0 max_delta=0
ECO_PARITY core=0 ceiling=2 limiter=1 look=26 max_delta=0
ECO_PARITY core=0 ceiling=0 limiter=0 look=52 max_delta=0
PASS detector reference; ECO mono/stereo, internal/external SC, dual/single, algorithm smoothing, 140 mode transitions, UI, A/B, offline, PDC; max_delta=0
PASS 1.2.36 old state + both A/B banks, new 4-choice roundtrip, missing defaults, old discrete automation points
PASS 1.2.36 all 16 Core/Ceiling combinations, variable blocks, shared 4x, fixed-quality Hard/TP PDC
PASS 1.2.36 actual Core/Hard/TP button cycles and 4x label
OS1236 PROFILE limiter=0 factor=4 us_per_block=486.556
OS1236 PROFILE limiter=0 factor=8 us_per_block=832.884
OS1236 PROFILE limiter=0 factor=16 us_per_block=1438.02
OS1236 PROFILE limiter=1 factor=4 us_per_block=695.171
OS1236 PROFILE limiter=1 factor=8 us_per_block=1069.67
OS1236 PROFILE limiter=1 factor=16 us_per_block=1744.62
SILENCE rate=48000 core=2 ceiling=2 recovery=0 first_sleep_s=1.10983 max_delta=0
SILENCE rate=48000 core=2 ceiling=2 recovery=2 first_sleep_s=4.06571 max_delta=0
SILENCE rate=48000 core=1 ceiling=2 recovery=1 first_sleep_s=1.67827 max_delta=0
SILENCE rate=44100 core=0 ceiling=1 recovery=2 first_sleep_s=4.10671 max_delta=0
SILENCE rate=96000 core=2 ceiling=1 recovery=1 first_sleep_s=1.70531 max_delta=5.96046e-08
SILENCE rate=48000 core=2 ceiling=0 recovery=1 first_sleep_s=1.10983 max_delta=5.96046e-08
SILENCE rate=48000 core=0 ceiling=0 recovery=1 first_sleep_s=1.10983 max_delta=5.96046e-08
SILENCE rate=48000 core=0 ceiling=3 recovery=0 first_sleep_s=1.10983 max_delta=5.96046e-08
SILENCE rate=44100 core=2 ceiling=3 recovery=2 first_sleep_s=4.07728 max_delta=5.96046e-08
SILENCE rate=48000 core=3 ceiling=3 recovery=1 first_sleep_s=1.67827 max_delta=5.96046e-08
SILENCE rate=96000 core=3 ceiling=0 recovery=1 first_sleep_s=1.02319 max_delta=5.96046e-08
PASS stopped silence: drain/recovery, wake audio, tiny input, sidechain, automation, transport, FULL history, mono/stereo, variable blocks and PDC; max delta=5.96046e-08
FAST_IDLE limiter=0 look=0 core=0 ceiling=0 fast_blocks=3031 max_delta=0
FAST_IDLE limiter=0 look=26 core=0 ceiling=0 fast_blocks=3018 max_delta=0
FAST_IDLE limiter=0 look=0 core=2 ceiling=0 fast_blocks=3022 max_delta=0
FAST_IDLE limiter=1 look=0 core=0 ceiling=3 fast_blocks=2426 max_delta=7.45058e-09
FAST_IDLE limiter=1 look=26 core=0 ceiling=2 fast_blocks=2416 max_delta=1.49012e-08
FAST_IDLE limiter=1 look=0 core=2 ceiling=3 fast_blocks=2426 max_delta=1.49012e-08
FAST_IDLE limiter=1 look=0 core=2 ceiling=2 fast_blocks=2431 max_delta=2.98023e-08
PASS full idle: Normal native/OS, Limiter shared/separate Ceiling, fixed stopped clock, FULL history/holds, unused/selected SC, tiny input, edits, bypass, Unity, playback and offline wake.
PASS ten-instance FULL/ECO isolation, live meters/MATCH, project and legacy state, A/B independence, editor controls/reopen, exact audio/PDC parity
PASS hidden retained display blocks and cancels replay
PASS A/B recall, hidden Normal settings, append-only AU ordering
PASS shared pre-Ceiling sample-grid/phase peak telemetry
MONO MS OS=8 filtered-reference gain=1.99986 expected=1.99986 ideal-sine gain=1.99807
MONO MS OS=16 filtered-reference gain=1.99986 expected=1.99986 ideal-sine gain=1.99041
PASS actual mono MS 8x/16x gain
PASS block partition/rate/shared+fallback/ECO audio, max delta=0
PASS stale editor settings reload (isolated settings file)
PASS all review regression checks
